{
	"credit": "OuO Studio Creation",
	"parent": "ouo:o/dice/parent/4",
	"textures": {
		"1": "ouo:o/dice/golden",
		"particle": "ouo:o/dice/golden"
	}
}